-53
65
-119
-73
-95
-27
-55
111
91
20
15
66
34
118
-102
-78
-227
-100
-138
-100
-191
31
23
93
93
32
-20
229
97
216
1
36
7
243
20
138
122
118
-84
167
30
244
0
