-71
19
0
230
205
106
-57
173
-26
200
133
62
-86
157
24
241
1
11
-231
-121
-82
-3
-77
124
91
58
-74
-24
-42
133
-18
123
36
165
-82
74
-68
126
7
201
0
